// Jest Snapshot v1, https://goo.gl/fbAQLP

exports[`App should render correctly 1`] = `
<div
  className="App"
>
  <Header />
  <main
    className="App__main"
  >
    <FlightSearch
      currencyCode="GBP"
      destinationAirportCode="LHR"
      flightClass="economy"
      numberOfTravellers={2}
      originAirportCode="EDI"
      outboundDate="2019-10-28"
      returnDate="2019-10-29"
    />
  </main>
</div>
`;
