// Jest Snapshot v1, https://goo.gl/fbAQLP

exports[`FlightSearch should render correctly 1`] = `
<Context.Provider
  value={Object {}}
>
  <div
    className="FlightSearch"
  >
    <Header />
    <Actions />
    <div
      className="FlightSearch__itineraries"
    />
  </div>
</Context.Provider>
`;
